{ "filename": "input.eexpr"
, "eexprs":
  [ { "loc":{"from":{"line":2,"col":1},"to":{"line":2,"col":4}}
    , "type":"number","value":"137"
    }
  , { "loc":{"from":{"line":3,"col":1},"to":{"line":3,"col":21}}
    , "type":"space","subexprs":
      [ { "loc":{"from":{"line":3,"col":1},"to":{"line":3,"col":2}}
        , "type":"number","value":"0"
        }
      , { "loc":{"from":{"line":3,"col":3},"to":{"line":3,"col":7}}
        , "type":"number","value":"4567"
        }
      , { "loc":{"from":{"line":3,"col":8},"to":{"line":3,"col":21}}
        , "type":"number","value":"6123456789"
        }
      ]
    }
  , { "loc":{"from":{"line":4,"col":1},"to":{"line":4,"col":11}}
    , "type":"space","subexprs":
      [ { "loc":{"from":{"line":4,"col":1},"to":{"line":4,"col":4}}
        , "type":"number","mantissa":"0","exponent":{"fractional":-1}
        }
      , { "loc":{"from":{"line":4,"col":5},"to":{"line":4,"col":11}}
        , "type":"number","mantissa":"12345","exponent":{"fractional":-2}
        }
      ]
    }
  , { "loc":{"from":{"line":5,"col":1},"to":{"line":5,"col":15}}
    , "type":"space","subexprs":
      [ { "loc":{"from":{"line":5,"col":1},"to":{"line":5,"col":5}}
        , "type":"number","value":"1","exponent":{"explicit":"42"}
        }
      , { "loc":{"from":{"line":5,"col":6},"to":{"line":5,"col":15}}
        , "type":"number","mantissa":"12345","exponent":{"fractional":-4,"explicit":"2"}
        }
      ]
    }
  , { "loc":{"from":{"line":6,"col":1},"to":{"line":6,"col":33}}
    , "type":"space","subexprs":
      [ { "loc":{"from":{"line":6,"col":1},"to":{"line":6,"col":5}}
        , "type":"number","value":"66","radix":16
        }
      , { "loc":{"from":{"line":6,"col":6},"to":{"line":6,"col":17}}
        , "type":"number","value":"127","radix":2
        }
      , { "loc":{"from":{"line":6,"col":18},"to":{"line":6,"col":21}}
        , "type":"number","value":"10","radix":12
        }
      , { "loc":{"from":{"line":6,"col":22},"to":{"line":6,"col":25}}
        , "type":"number","value":"10","radix":12
        }
      , { "loc":{"from":{"line":6,"col":26},"to":{"line":6,"col":29}}
        , "type":"number","value":"11","radix":12
        }
      , { "loc":{"from":{"line":6,"col":30},"to":{"line":6,"col":33}}
        , "type":"number","value":"11","radix":12
        }
      ]
    }
  , { "loc":{"from":{"line":7,"col":1},"to":{"line":7,"col":16}}
    , "type":"space","subexprs":
      [ { "loc":{"from":{"line":7,"col":1},"to":{"line":7,"col":9}}
        , "type":"number","mantissa":"150","radix":12,"exponent":{"fractional":-1,"explicit":"9"}
        }
      , { "loc":{"from":{"line":7,"col":10},"to":{"line":7,"col":16}}
        , "type":"number","value":"1","exponent":{"explicit":"164"}
        }
      ]
    }
  , { "loc":{"from":{"line":9,"col":1},"to":{"line":9,"col":15}}
    , "type":"space","subexprs":
      [ { "loc":{"from":{"line":9,"col":1},"to":{"line":9,"col":2}}
        , "type":"symbol","text":"Î»"
        }
      , { "loc":{"from":{"line":9,"col":3},"to":{"line":9,"col":8}}
        , "type":"symbol","text":"hello"
        }
      , { "loc":{"from":{"line":9,"col":9},"to":{"line":9,"col":10}}
        , "type":"symbol","text":"+"
        }
      , { "loc":{"from":{"line":9,"col":11},"to":{"line":9,"col":15}}
        , "type":"symbol","text":"-bye"
        }
      ]
    }
  , { "loc":{"from":{"line":11,"col":1},"to":{"line":11,"col":36}}
    , "type":"space","subexprs":
      [ { "loc":{"from":{"line":11,"col":1},"to":{"line":11,"col":4}}
        , "type":"codepoint","value":"c"
        }
      , { "loc":{"from":{"line":11,"col":5},"to":{"line":11,"col":9}}
        , "type":"codepoint","value":"'"
        }
      , { "loc":{"from":{"line":11,"col":10},"to":{"line":11,"col":16}}
        , "type":"codepoint","value":"\u007F"
        }
      , { "loc":{"from":{"line":11,"col":17},"to":{"line":11,"col":25}}
        , "type":"codepoint","value":"Î»"
        }
      , { "loc":{"from":{"line":11,"col":26},"to":{"line":11,"col":36}}
        , "type":"codepoint","value":"ðŸ˜€"
        }
      ]
    }
  , { "loc":{"from":{"line":12,"col":1},"to":{"line":12,"col":19}}
    , "type":"string","text":"c\\'\"`\u001B\u0000\n!"
    }
  , { "loc":{"from":{"line":13,"col":1},"to":{"line":13,"col":3}}
    , "type":"string","text":""
    }
  , { "loc":{"from":{"line":14,"col":1},"to":{"line":15,"col":6}}
    , "type":"string","text":"ab"
    }
  , { "loc":{"from":{"line":17,"col":1},"to":{"line":25,"col":8}}
    , "type":"space","subexprs":
      [ { "loc":{"from":{"line":17,"col":1},"to":{"line":20,"col":7}}
        , "type":"string","text":"\"\\\n END\"\"\""
        }
      , { "loc":{"from":{"line":20,"col":8},"to":{"line":20,"col":11}}
        , "type":"symbol","text":"hey"
        }
      , { "loc":{"from":{"line":21,"col":5},"to":{"line":25,"col":8}}
        , "type":"string","text":" hello\n\nworld"
        }
      ]
    }
  , { "loc":{"from":{"line":27,"col":1},"to":{"line":27,"col":10}}
    , "type":"space","subexprs":
      [ { "loc":{"from":{"line":27,"col":1},"to":{"line":27,"col":3}}
        , "type":"paren","subexpr":null
        }
      , { "loc":{"from":{"line":27,"col":4},"to":{"line":27,"col":6}}
        , "type":"bracket","subexpr":null
        }
      , { "loc":{"from":{"line":27,"col":7},"to":{"line":27,"col":10}}
        , "type":"brace","subexpr":null
        }
      ]
    }
  , { "loc":{"from":{"line":28,"col":1},"to":{"line":28,"col":6}}
    , "type":"paren","subexpr":
      { "loc":{"from":{"line":28,"col":2},"to":{"line":28,"col":5}}
      , "type":"space","subexprs":
        [ { "loc":{"from":{"line":28,"col":2},"to":{"line":28,"col":3}}
          , "type":"symbol","text":"a"
          }
        , { "loc":{"from":{"line":28,"col":4},"to":{"line":28,"col":5}}
          , "type":"symbol","text":"b"
          }
        ]
      }
    }
  , { "loc":{"from":{"line":29,"col":1},"to":{"line":29,"col":7}}
    , "type":"paren","subexpr":
      { "loc":{"from":{"line":29,"col":3},"to":{"line":29,"col":5}}
      , "type":"symbol","text":"ws"
      }
    }
  , { "loc":{"from":{"line":31,"col":1},"to":{"line":33,"col":1}}
    , "type":"block","subexprs":
      [ { "loc":{"from":{"line":31,"col":3},"to":{"line":31,"col":8}}
        , "type":"symbol","text":"line1"
        }
      , { "loc":{"from":{"line":32,"col":3},"to":{"line":32,"col":8}}
        , "type":"symbol","text":"line2"
        }
      ]
    }
  , { "loc":{"from":{"line":33,"col":1},"to":{"line":36,"col":5}}
    , "type":"space","subexprs":
      [ { "loc":{"from":{"line":33,"col":1},"to":{"line":36,"col":2}}
        , "type":"bracket","subexpr":
          { "loc":{"from":{"line":34,"col":1},"to":{"line":36,"col":1}}
          , "type":"block","subexprs":
            [ { "loc":{"from":{"line":34,"col":3},"to":{"line":34,"col":4}}
              , "type":"number","value":"1"
              }
            , { "loc":{"from":{"line":35,"col":3},"to":{"line":35,"col":4}}
              , "type":"number","value":"2"
              }
            ]
          }
        }
      , { "loc":{"from":{"line":36,"col":3},"to":{"line":36,"col":5}}
        , "type":"paren","subexpr":null
        }
      ]
    }
  , { "loc":{"from":{"line":37,"col":1},"to":{"line":44,"col":1}}
    , "type":"chain","subexprs":
      [ { "loc":{"from":{"line":37,"col":1},"to":{"line":37,"col":3}}
        , "type":"symbol","text":"do"
        }
      , { "loc":{"from":{"line":38,"col":1},"to":{"line":44,"col":1}}
        , "type":"block","subexprs":
          [ { "loc":{"from":{"line":38,"col":3},"to":{"line":38,"col":8}}
            , "type":"symbol","text":"first"
            }
          , { "loc":{"from":{"line":40,"col":3},"to":{"line":42,"col":10}}
            , "type":"space","subexprs":
              [ { "loc":{"from":{"line":40,"col":3},"to":{"line":40,"col":9}}
                , "type":"symbol","text":"second"
                }
              , { "loc":{"from":{"line":41,"col":3},"to":{"line":41,"col":8}}
                , "type":"symbol","text":"third"
                }
              , { "loc":{"from":{"line":42,"col":4},"to":{"line":42,"col":10}}
                , "type":"symbol","text":"fourth"
                }
              ]
            }
          ]
        }
      ]
    }
  , { "loc":{"from":{"line":44,"col":1},"to":{"line":44,"col":25}}
    , "type":"string","template":
      [ "Hello, "
      , { "loc":{"from":{"line":44,"col":10},"to":{"line":44,"col":22}}
        , "type":"space","subexprs":
          [ { "loc":{"from":{"line":44,"col":10},"to":{"line":44,"col":17}}
            , "type":"symbol","text":"toUpper"
            }
          , { "loc":{"from":{"line":44,"col":18},"to":{"line":44,"col":22}}
            , "type":"symbol","text":"name"
            }
          ]
        }
      , "!"
      ]
    }
  , { "loc":{"from":{"line":45,"col":1},"to":{"line":45,"col":36}}
    , "type":"string","template":
      [ "Goodbyte, "
      , { "loc":{"from":{"line":45,"col":13},"to":{"line":45,"col":22}}
        , "type":"symbol","text":"firstName"
        }
      , " "
      , { "loc":{"from":{"line":45,"col":25},"to":{"line":45,"col":33}}
        , "type":"symbol","text":"lastName"
        }
      , "!"
      ]
    }
  , { "loc":{"from":{"line":47,"col":1},"to":{"line":47,"col":26}}
    , "type":"space","subexprs":
      [ { "loc":{"from":{"line":47,"col":1},"to":{"line":47,"col":9}}
        , "type":"bracket","subexpr":
          { "loc":{"from":{"line":47,"col":2},"to":{"line":47,"col":8}}
          , "type":"ellipsis"
          , "before":
            { "loc":{"from":{"line":47,"col":2},"to":{"line":47,"col":3}}
            , "type":"number","value":"1"
            }
          , "after":
            { "loc":{"from":{"line":47,"col":7},"to":{"line":47,"col":8}}
            , "type":"number","value":"2"
            }
          }
        }
      , { "loc":{"from":{"line":47,"col":10},"to":{"line":47,"col":15}}
        , "type":"bracket","subexpr":
          { "loc":{"from":{"line":47,"col":11},"to":{"line":47,"col":14}}
          , "type":"ellipsis"
          , "before":null
          , "after":
            { "loc":{"from":{"line":47,"col":13},"to":{"line":47,"col":14}}
            , "type":"number","value":"2"
            }
          }
        }
      , { "loc":{"from":{"line":47,"col":16},"to":{"line":47,"col":21}}
        , "type":"bracket","subexpr":
          { "loc":{"from":{"line":47,"col":17},"to":{"line":47,"col":20}}
          , "type":"ellipsis"
          , "before":
            { "loc":{"from":{"line":47,"col":17},"to":{"line":47,"col":18}}
            , "type":"number","value":"1"
            }
          , "after":null
          }
        }
      , { "loc":{"from":{"line":47,"col":22},"to":{"line":47,"col":26}}
        , "type":"bracket","subexpr":
          { "loc":{"from":{"line":47,"col":23},"to":{"line":47,"col":25}}
          , "type":"ellipsis"
          , "before":null
          , "after":null
          }
        }
      ]
    }
  , { "loc":{"from":{"line":48,"col":1},"to":{"line":48,"col":5}}
    , "type":"colon","subexprs":
      [ { "loc":{"from":{"line":48,"col":1},"to":{"line":48,"col":2}}
        , "type":"number","value":"1"
        }
      , { "loc":{"from":{"line":48,"col":4},"to":{"line":48,"col":5}}
        , "type":"symbol","text":"a"
        }
      ]
    }
  , { "loc":{"from":{"line":49,"col":1},"to":{"line":49,"col":29}}
    , "type":"space","subexprs":
      [ { "loc":{"from":{"line":49,"col":1},"to":{"line":49,"col":4}}
        , "type":"paren","subexpr":
          { "loc":{"from":{"line":49,"col":2},"to":{"line":49,"col":3}}
          , "type":"comma","subexprs":[]
          }
        }
      , { "loc":{"from":{"line":49,"col":5},"to":{"line":49,"col":9}}
        , "type":"paren","subexpr":
          { "loc":{"from":{"line":49,"col":6},"to":{"line":49,"col":8}}
          , "type":"comma","subexprs":
            [ { "loc":{"from":{"line":49,"col":6},"to":{"line":49,"col":7}}
              , "type":"number","value":"1"
              }
            ]
          }
        }
      , { "loc":{"from":{"line":49,"col":10},"to":{"line":49,"col":14}}
        , "type":"paren","subexpr":
          { "loc":{"from":{"line":49,"col":11},"to":{"line":49,"col":13}}
          , "type":"comma","subexprs":
            [ { "loc":{"from":{"line":49,"col":12},"to":{"line":49,"col":13}}
              , "type":"number","value":"1"
              }
            ]
          }
        }
      , { "loc":{"from":{"line":49,"col":15},"to":{"line":49,"col":20}}
        , "type":"paren","subexpr":
          { "loc":{"from":{"line":49,"col":16},"to":{"line":49,"col":19}}
          , "type":"comma","subexprs":
            [ { "loc":{"from":{"line":49,"col":17},"to":{"line":49,"col":18}}
              , "type":"number","value":"1"
              }
            ]
          }
        }
      , { "loc":{"from":{"line":49,"col":21},"to":{"line":49,"col":29}}
        , "type":"paren","subexpr":
          { "loc":{"from":{"line":49,"col":22},"to":{"line":49,"col":28}}
          , "type":"comma","subexprs":
            [ { "loc":{"from":{"line":49,"col":22},"to":{"line":49,"col":23}}
              , "type":"number","value":"1"
              }
            , { "loc":{"from":{"line":49,"col":24},"to":{"line":49,"col":25}}
              , "type":"number","value":"2"
              }
            , { "loc":{"from":{"line":49,"col":26},"to":{"line":49,"col":27}}
              , "type":"number","value":"3"
              }
            ]
          }
        }
      ]
    }
  , { "loc":{"from":{"line":50,"col":1},"to":{"line":50,"col":17}}
    , "type":"space","subexprs":
      [ { "loc":{"from":{"line":50,"col":1},"to":{"line":50,"col":7}}
        , "type":"brace","subexpr":
          { "loc":{"from":{"line":50,"col":2},"to":{"line":50,"col":6}}
          , "type":"semicolon","subexprs":
            [ { "loc":{"from":{"line":50,"col":2},"to":{"line":50,"col":3}}
              , "type":"symbol","text":"a"
              }
            , { "loc":{"from":{"line":50,"col":4},"to":{"line":50,"col":5}}
              , "type":"symbol","text":"b"
              }
            ]
          }
        }
      , { "loc":{"from":{"line":50,"col":8},"to":{"line":50,"col":11}}
        , "type":"bracket","subexpr":
          { "loc":{"from":{"line":50,"col":9},"to":{"line":50,"col":10}}
          , "type":"semicolon","subexprs":[]
          }
        }
      , { "loc":{"from":{"line":50,"col":12},"to":{"line":50,"col":17}}
        , "type":"paren","subexpr":
          { "loc":{"from":{"line":50,"col":13},"to":{"line":50,"col":16}}
          , "type":"semicolon","subexprs":
            [ { "loc":{"from":{"line":50,"col":13},"to":{"line":50,"col":14}}
              , "type":"comma","subexprs":[]
              }
            , { "loc":{"from":{"line":50,"col":15},"to":{"line":50,"col":16}}
              , "type":"comma","subexprs":[]
              }
            ]
          }
        }
      ]
    }
  , { "loc":{"from":{"line":52,"col":1},"to":{"line":52,"col":30}}
    , "type":"semicolon","subexprs":
      [ { "loc":{"from":{"line":52,"col":1},"to":{"line":52,"col":10}}
        , "type":"space","subexprs":
          [ { "loc":{"from":{"line":52,"col":1},"to":{"line":52,"col":2}}
            , "type":"symbol","text":"x"
            }
          , { "loc":{"from":{"line":52,"col":3},"to":{"line":52,"col":8}}
            , "type":"predot","subexpr":{ "loc":{"from":{"line":52,"col":4},"to":{"line":52,"col":8}}
              , "type":"symbol","text":"elem"
              }
            }
          , { "loc":{"from":{"line":52,"col":9},"to":{"line":52,"col":10}}
            , "type":"symbol","text":"S"
            }
          ]
        }
      , { "loc":{"from":{"line":52,"col":12},"to":{"line":52,"col":30}}
        , "type":"space","subexprs":
          [ { "loc":{"from":{"line":52,"col":12},"to":{"line":52,"col":15}}
            , "type":"symbol","text":"map"
            }
          , { "loc":{"from":{"line":52,"col":16},"to":{"line":52,"col":26}}
            , "type":"predot","subexpr":{ "loc":{"from":{"line":52,"col":17},"to":{"line":52,"col":26}}
              , "type":"paren","subexpr":
                { "loc":{"from":{"line":52,"col":18},"to":{"line":52,"col":25}}
                , "type":"space","subexprs":
                  [ { "loc":{"from":{"line":52,"col":18},"to":{"line":52,"col":21}}
                    , "type":"symbol","text":"get"
                    }
                  , { "loc":{"from":{"line":52,"col":22},"to":{"line":52,"col":25}}
                    , "type":"symbol","text":"nil"
                    }
                  ]
                }
              }
            }
          , { "loc":{"from":{"line":52,"col":27},"to":{"line":52,"col":30}}
            , "type":"symbol","text":"key"
            }
          ]
        }
      ]
    }
  , { "loc":{"from":{"line":53,"col":1},"to":{"line":53,"col":57}}
    , "type":"space","subexprs":
      [ { "loc":{"from":{"line":53,"col":1},"to":{"line":53,"col":5}}
        , "type":"chain","subexprs":
          [ { "loc":{"from":{"line":53,"col":1},"to":{"line":53,"col":3}}
            , "type":"symbol","text":"pt"
            }
          , { "loc":{"from":{"line":53,"col":4},"to":{"line":53,"col":5}}
            , "type":"symbol","text":"x"
            }
          ]
        }
      , { "loc":{"from":{"line":53,"col":9},"to":{"line":53,"col":15}}
        , "type":"chain","subexprs":
          [ { "loc":{"from":{"line":53,"col":9},"to":{"line":53,"col":12}}
            , "type":"symbol","text":"arr"
            }
          , { "loc":{"from":{"line":53,"col":12},"to":{"line":53,"col":15}}
            , "type":"bracket","subexpr":
              { "loc":{"from":{"line":53,"col":13},"to":{"line":53,"col":14}}
              , "type":"number","value":"4"
              }
            }
          ]
        }
      , { "loc":{"from":{"line":53,"col":19},"to":{"line":53,"col":40}}
        , "type":"chain","subexprs":
          [ { "loc":{"from":{"line":53,"col":19},"to":{"line":53,"col":24}}
            , "type":"symbol","text":"world"
            }
          , { "loc":{"from":{"line":53,"col":25},"to":{"line":53,"col":31}}
            , "type":"symbol","text":"player"
            }
          , { "loc":{"from":{"line":53,"col":31},"to":{"line":53,"col":34}}
            , "type":"bracket","subexpr":
              { "loc":{"from":{"line":53,"col":32},"to":{"line":53,"col":33}}
              , "type":"number","value":"0"
              }
            }
          , { "loc":{"from":{"line":53,"col":35},"to":{"line":53,"col":38}}
            , "type":"symbol","text":"pos"
            }
          , { "loc":{"from":{"line":53,"col":39},"to":{"line":53,"col":40}}
            , "type":"symbol","text":"x"
            }
          ]
        }
      , { "loc":{"from":{"line":53,"col":44},"to":{"line":53,"col":57}}
        , "type":"chain","subexprs":
          [ { "loc":{"from":{"line":53,"col":44},"to":{"line":53,"col":50}}
            , "type":"symbol","text":"asciiz"
            }
          , { "loc":{"from":{"line":53,"col":50},"to":{"line":53,"col":57}}
            , "type":"string","text":"asdfÎ»"
            }
          ]
        }
      ]
    }
  ]
}
