{ "filename": "input.eexpr"
, "warnings":
  [ {"loc":{"from":{"line":1,"col":2},"to":{"line":1,"col":5}},"type":"mixed-space"}
  , {"loc":{"from":{"line":2,"col":2},"to":{"line":2,"col":4}},"type":"trailing-space"}
  , {"loc":{"from":{"line":4,"col":5},"to":{"line":5,"col":1}},"type":"mixed-newlines"}
  ]
, "errors":
  [ {"loc":{"from":{"line":4,"col":1},"to":{"line":4,"col":2}},"type":"bad-char","input":"\\"}
  ]
}
