{ "filename": "input.eexpr"
, "warnings": []
, "errors":
  [ {"loc":{"from":{"line":1,"col":4},"to":{"line":1,"col":6}},"type":"bad-escape-code","input":"0000qw"}
  , {"loc":{"from":{"line":2,"col":4},"to":{"line":2,"col":8}},"type":"bad-escape-code","input":"00qwer"}
  , {"loc":{"from":{"line":3,"col":4},"to":{"line":3,"col":10}},"type":"bad-escape-code","input":"qwerty"}
  , {"loc":{"from":{"line":5,"col":1},"to":{"line":5,"col":1}},"type":"missing-line-pickup"}
  , {"loc":{"from":{"line":6,"col":3},"to":{"line":6,"col":4}},"type":"bad-escape-char","input":"q"}
  ]
}
