1
a
"hello"
#"("Hello " name "!")
#"("Hello " (titlecase yourName) ", my name is " #.(me name) "!")
#round(paren)
#square(brack)
#curly(brace)
#block(indent dedent)
#.(a b)
#.(a b 100)
#.("100" length)
#.(a #round(1))
#.(a #round(1))
#.(a #square(1) #square(2))
#.(a #curly(#:(x y)))
#.(do #block(foo (bar baz)))
(a #synth(plus) b)
(f a)
(f a b)
#square(#..(#nil #nil))
#square(#..((a b c) #nil))
#square(#..((a b c) (x y z)))
#square(#..(#nil (x y z)))
#square(#..((a b c) (x y z)))
#curly(#:(key value))
#curly(#:("strkey" (negative 6)))
#block(#:(1 foo) #:(2 bar))
#curly(#,(x #:(y int)))
#curly(#:(#square(#,(x y)) int))
#square(#,(1 2 3))
#round(#,(a b))
#square(#;(A B C))
#round()
#round(#,())
#round(#;())
#round(#;(#,() #,()))
#round(a)
#round(#,(a))
#round(#,(a))
#square(#;((x * x) #,((x ‚Üê #square(#..(0 10))) (even? x))))
#.(#round((f a)) match #block(#:(1 "hello") #:(_ "hellos")))
